// Jest Snapshot v1, https://goo.gl/fbAQLP

exports[`airport should return an airport 1`] = `
Object {
  "name": "Riga",
}
`;
